Java HotSpot(TM) 64-Bit Server VM (25.65-b01) for linux-amd64 JRE (1.8.0_65-b17), built on Oct  6 2015 17:16:12 by "java_re" with gcc 4.3.0 20080428 (Red Hat 4.3.0-8)
Memory: 4k page, physical 8060120k(809852k free), swap 7812092k(7766228k free)
CommandLine flags: -XX:GCLogFileSize=3145728 -XX:InitialHeapSize=1366294528 -XX:MaxHeapSize=1366294528 -XX:NumberOfGCLogFiles=5 -XX:+PrintGC -XX:+PrintGCDateStamps -XX:+PrintGCDetails -XX:+PrintGCTimeStamps -XX:-TraceClassUnloading -XX:+UseCompressedClassPointers -XX:+UseCompressedOops -XX:+UseGCLogFileRotation -XX:+UseParallelGC 
2016-05-22T22:12:53.989+0530: 10.828: [GC (Metadata GC Threshold) [PSYoungGen: 294233K->17450K(389632K)] 294233K->17466K(1280000K), 0.0445860 secs] [Times: user=0.06 sys=0.02, real=0.04 secs] 
2016-05-22T22:12:54.033+0530: 10.872: [Full GC (Metadata GC Threshold) [PSYoungGen: 17450K->0K(389632K)] [ParOldGen: 16K->16655K(890368K)] 17466K->16655K(1280000K), [Metaspace: 19374K->19374K(1067008K)], 0.2209116 secs] [Times: user=0.11 sys=0.02, real=0.22 secs] 
2016-05-22T22:12:59.089+0530: 15.928: [GC (Metadata GC Threshold) [PSYoungGen: 180344K->18916K(389632K)] 197000K->35572K(1280000K), 0.0403875 secs] [Times: user=0.07 sys=0.02, real=0.04 secs] 
2016-05-22T22:12:59.130+0530: 15.969: [Full GC (Metadata GC Threshold) [PSYoungGen: 18916K->0K(389632K)] [ParOldGen: 16655K->25167K(890368K)] 35572K->25167K(1280000K), [Metaspace: 31638K->31638K(1079296K)], 0.0649371 secs] [Times: user=0.20 sys=0.02, real=0.07 secs] 
2016-05-22T22:13:03.414+0530: 20.253: [GC (Allocation Failure) [PSYoungGen: 334336K->51545K(389632K)] 359503K->76793K(1280000K), 0.0536138 secs] [Times: user=0.06 sys=0.03, real=0.06 secs] 
2016-05-22T22:13:04.578+0530: 21.417: [GC (Metadata GC Threshold) [PSYoungGen: 71035K->17642K(389632K)] 96283K->42898K(1280000K), 0.0198210 secs] [Times: user=0.05 sys=0.01, real=0.02 secs] 
2016-05-22T22:13:04.598+0530: 21.437: [Full GC (Metadata GC Threshold) [PSYoungGen: 17642K->0K(389632K)] [ParOldGen: 25255K->31210K(890368K)] 42898K->31210K(1280000K), [Metaspace: 54023K->54023K(1099776K)], 0.2064325 secs] [Times: user=0.43 sys=0.02, real=0.20 secs] 
2016-05-22T22:13:19.551+0530: 36.390: [GC (Allocation Failure) [PSYoungGen: 334336K->55295K(389632K)] 365546K->152124K(1280000K), 0.2811287 secs] [Times: user=0.30 sys=0.19, real=0.28 secs] 
2016-05-22T22:35:31.651+0530: 1368.490: [GC (Allocation Failure) [PSYoungGen: 389631K->7246K(283136K)] 486460K->104083K(1173504K), 0.1460209 secs] [Times: user=0.02 sys=0.00, real=0.15 secs] 
2016-05-22T22:51:27.357+0530: 2324.196: [GC (Allocation Failure) [PSYoungGen: 235086K->5878K(336384K)] 331923K->102723K(1226752K), 0.0075760 secs] [Times: user=0.02 sys=0.00, real=0.00 secs] 
2016-05-22T23:07:32.939+0530: 3289.778: [GC (Allocation Failure) [PSYoungGen: 233718K->5846K(341504K)] 330563K->102699K(1231872K), 0.1055932 secs] [Times: user=0.02 sys=0.00, real=0.10 secs] 
2016-05-22T23:23:58.702+0530: 4275.541: [GC (Allocation Failure) [PSYoungGen: 240854K->5878K(338432K)] 337707K->102731K(1228800K), 0.0103141 secs] [Times: user=0.02 sys=0.00, real=0.01 secs] 
2016-05-22T23:40:29.334+0530: 5266.173: [GC (Allocation Failure) [PSYoungGen: 240886K->5798K(348160K)] 337739K->102659K(1238528K), 0.0124188 secs] [Times: user=0.03 sys=0.00, real=0.02 secs] 
2016-05-22T23:58:00.075+0530: 6316.914: [GC (Allocation Failure) [PSYoungGen: 253606K->5958K(344576K)] 350467K->102827K(1234944K), 0.0131895 secs] [Times: user=0.04 sys=0.00, real=0.01 secs] 
2016-05-23T00:15:30.717+0530: 7367.556: [GC (Allocation Failure) [PSYoungGen: 253766K->5878K(355328K)] 350635K->102747K(1245696K), 0.0177008 secs] [Times: user=0.04 sys=0.00, real=0.02 secs] 
2016-05-23T00:34:11.504+0530: 8488.343: [GC (Allocation Failure) [PSYoungGen: 268022K->5846K(351744K)] 364891K->102715K(1242112K), 0.0112684 secs] [Times: user=0.03 sys=0.00, real=0.02 secs] 
2016-05-23T00:52:37.174+0530: 9594.013: [GC (Allocation Failure) [PSYoungGen: 267990K->5766K(363520K)] 364859K->102635K(1253888K), 0.0092809 secs] [Times: user=0.03 sys=0.00, real=0.01 secs] 
2016-05-23T01:12:22.886+0530: 10779.725: [GC (Allocation Failure) [PSYoungGen: 283782K->5878K(359424K)] 380651K->102747K(1249792K), 0.0092937 secs] [Times: user=0.02 sys=0.00, real=0.01 secs] 
2016-05-23T01:32:00.453+0530: 11957.292: [GC (Allocation Failure) [PSYoungGen: 283894K->5782K(371200K)] 380763K->102659K(1261568K), 0.0161153 secs] [Times: user=0.04 sys=0.00, real=0.02 secs] 
2016-05-23T01:52:48.538+0530: 13205.377: [GC (Allocation Failure) [PSYoungGen: 299670K->5782K(367616K)] 396547K->102659K(1257984K), 0.0090132 secs] [Times: user=0.02 sys=0.00, real=0.01 secs] 
2016-05-23T02:13:30.513+0530: 14447.352: [GC (Allocation Failure) [PSYoungGen: 299670K->5846K(378880K)] 396547K->102723K(1269248K), 0.0084199 secs] [Times: user=0.03 sys=0.00, real=0.01 secs] 
2016-05-23T02:35:15.658+0530: 15752.497: [GC (Allocation Failure) [PSYoungGen: 315094K->5798K(375296K)] 411971K->102675K(1265664K), 0.0085924 secs] [Times: user=0.02 sys=0.00, real=0.01 secs] 
2016-05-23T02:57:10.565+0530: 17067.404: [GC (Allocation Failure) [PSYoungGen: 315046K->448K(385024K)] 411923K->102749K(1275392K), 0.0118081 secs] [Times: user=0.03 sys=0.00, real=0.01 secs] 
2016-05-23T03:20:07.176+0530: 18444.015: [GC (Allocation Failure) [PSYoungGen: 323008K->160K(382464K)] 425309K->102801K(1272832K), 0.0046501 secs] [Times: user=0.01 sys=0.00, real=0.00 secs] 
2016-05-23T03:42:50.463+0530: 19807.302: [GC (Allocation Failure) [PSYoungGen: 322720K->128K(390656K)] 425361K->102801K(1281024K), 0.0264468 secs] [Times: user=0.07 sys=0.00, real=0.03 secs] 
2016-05-23T04:06:20.769+0530: 21217.608: [GC (Allocation Failure) [PSYoungGen: 333440K->96K(387584K)] 436113K->102785K(1277952K), 0.0031916 secs] [Times: user=0.01 sys=0.01, real=0.00 secs] 
2016-05-23T04:29:46.570+0530: 22623.409: [GC (Allocation Failure) [PSYoungGen: 333408K->128K(395776K)] 436097K->102841K(1286144K), 0.0026312 secs] [Times: user=0.01 sys=0.00, real=0.00 secs] 
2016-05-23T04:54:00.793+0530: 24077.632: [GC (Allocation Failure) [PSYoungGen: 344192K->96K(393216K)] 446905K->102817K(1283584K), 0.0030275 secs] [Times: user=0.00 sys=0.00, real=0.01 secs] 
2016-05-23T05:18:20.832+0530: 25537.671: [GC (Allocation Failure) [PSYoungGen: 344160K->128K(401408K)] 446881K->102857K(1291776K), 0.0031235 secs] [Times: user=0.00 sys=0.00, real=0.01 secs] 
2016-05-23T05:43:31.597+0530: 27048.436: [GC (Allocation Failure) [PSYoungGen: 355456K->160K(398848K)] 458185K->102897K(1289216K), 0.0032670 secs] [Times: user=0.01 sys=0.00, real=0.00 secs] 
2016-05-23T06:08:37.356+0530: 28554.195: [GC (Allocation Failure) [PSYoungGen: 355488K->160K(406528K)] 458225K->102905K(1296896K), 0.0030544 secs] [Times: user=0.01 sys=0.00, real=0.00 secs] 
2016-05-23T06:34:29.630+0530: 30106.469: [GC (Allocation Failure) [PSYoungGen: 365728K->96K(403968K)] 468473K->102841K(1294336K), 0.0026781 secs] [Times: user=0.01 sys=0.00, real=0.00 secs] 
2016-05-23T07:00:18.917+0530: 31655.756: [GC (Allocation Failure) [PSYoungGen: 365664K->128K(411136K)] 468409K->102873K(1301504K), 0.0023931 secs] [Times: user=0.00 sys=0.01, real=0.00 secs] 
2016-05-23T07:26:40.806+0530: 33237.645: [GC (Allocation Failure) [PSYoungGen: 374912K->128K(408576K)] 477657K->102889K(1298944K), 0.0029909 secs] [Times: user=0.00 sys=0.00, real=0.00 secs] 
2016-05-23T07:53:25.552+0530: 34842.391: [GC (Allocation Failure) [PSYoungGen: 374912K->96K(415232K)] 477673K->102865K(1305600K), 0.0039237 secs] [Times: user=0.00 sys=0.00, real=0.01 secs] 
2016-05-23T08:20:26.898+0530: 36463.737: [GC (Allocation Failure) [PSYoungGen: 383584K->96K(413184K)] 486353K->102889K(1303552K), 0.0027978 secs] [Times: user=0.00 sys=0.00, real=0.00 secs] 
2016-05-23T08:47:42.193+0530: 38099.032: [GC (Allocation Failure) [PSYoungGen: 383584K->160K(419328K)] 486377K->102953K(1309696K), 0.0027483 secs] [Times: user=0.01 sys=0.00, real=0.01 secs] 
2016-05-23T09:15:30.023+0530: 39766.862: [GC (Allocation Failure) [PSYoungGen: 391840K->64K(417280K)] 494633K->102873K(1307648K), 0.0044379 secs] [Times: user=0.01 sys=0.00, real=0.01 secs] 
2016-05-23T09:43:10.948+0530: 41427.787: [GC (Allocation Failure) [PSYoungGen: 391744K->96K(422912K)] 494553K->102913K(1313280K), 0.0030403 secs] [Times: user=0.01 sys=0.00, real=0.00 secs] 
2016-05-23T10:11:16.487+0530: 43113.326: [GC (Allocation Failure) [PSYoungGen: 398944K->64K(420864K)] 501761K->102881K(1311232K), 0.0029327 secs] [Times: user=0.00 sys=0.00, real=0.00 secs] 
2016-05-23T10:39:17.839+0530: 44794.678: [GC (Allocation Failure) [PSYoungGen: 398912K->96K(425472K)] 501729K->102921K(1315840K), 0.0026627 secs] [Times: user=0.01 sys=0.00, real=0.00 secs] 
2016-05-23T11:07:50.535+0530: 46507.374: [GC (Allocation Failure) [PSYoungGen: 405088K->96K(424448K)] 507913K->102929K(1314816K), 0.0027586 secs] [Times: user=0.00 sys=0.00, real=0.00 secs] 
2016-05-23T11:36:22.938+0530: 48219.777: [GC (Allocation Failure) [PSYoungGen: 405088K->128K(428544K)] 507921K->102961K(1318912K), 0.0031534 secs] [Times: user=0.01 sys=0.00, real=0.00 secs] 
2016-05-23T12:05:10.996+0530: 49947.834: [GC (Allocation Failure) [PSYoungGen: 410752K->64K(427008K)] 513585K->102905K(1317376K), 0.0029662 secs] [Times: user=0.01 sys=0.00, real=0.00 secs] 
2016-05-23T12:34:06.317+0530: 51683.156: [GC (Allocation Failure) [PSYoungGen: 410688K->64K(430592K)] 513529K->102905K(1320960K), 0.0032928 secs] [Times: user=0.01 sys=0.00, real=0.00 secs] 
2016-05-23T13:03:30.867+0530: 53447.706: [GC (Allocation Failure) [PSYoungGen: 415296K->128K(429568K)] 518137K->102969K(1319936K), 0.0046730 secs] [Times: user=0.00 sys=0.00, real=0.00 secs] 
2016-05-23T13:32:56.884+0530: 55213.723: [GC (Allocation Failure) [PSYoungGen: 415360K->192K(432640K)] 518201K->103033K(1323008K), 0.0029615 secs] [Times: user=0.00 sys=0.00, real=0.01 secs] 
2016-05-23T14:02:47.928+0530: 57004.767: [GC (Allocation Failure) [PSYoungGen: 419520K->96K(431616K)] 522361K->102937K(1321984K), 0.0065082 secs] [Times: user=0.01 sys=0.00, real=0.00 secs] 
2016-05-23T14:32:21.065+0530: 58777.904: [GC (Allocation Failure) [PSYoungGen: 419424K->96K(434688K)] 522265K->102953K(1325056K), 0.0050028 secs] [Times: user=0.01 sys=0.00, real=0.00 secs] 
2016-05-23T15:02:24.997+0530: 60581.836: [GC (Allocation Failure) [PSYoungGen: 423520K->128K(433664K)] 526377K->102993K(1324032K), 0.0041860 secs] [Times: user=0.00 sys=0.00, real=0.00 secs] 
2016-05-23T15:32:11.053+0530: 62367.891: [GC (Allocation Failure) [PSYoungGen: 423552K->96K(436224K)] 526417K->102961K(1326592K), 0.0033545 secs] [Times: user=0.01 sys=0.01, real=0.01 secs] 
2016-05-23T16:02:11.401+0530: 64168.240: [GC (Allocation Failure) [PSYoungGen: 426592K->96K(435200K)] 529457K->102961K(1325568K), 0.0026722 secs] [Times: user=0.01 sys=0.00, real=0.00 secs] 
2016-05-23T16:32:13.143+0530: 65969.982: [GC (Allocation Failure) [PSYoungGen: 426592K->64K(437248K)] 529457K->102929K(1327616K), 0.0032115 secs] [Times: user=0.01 sys=0.00, real=0.01 secs] 
2016-05-23T17:02:15.872+0530: 67772.711: [GC (Allocation Failure) [PSYoungGen: 429120K->96K(436736K)] 531985K->102969K(1327104K), 0.0036281 secs] [Times: user=0.01 sys=0.00, real=0.01 secs] 
2016-05-23T17:32:21.154+0530: 69577.993: [GC (Allocation Failure) [PSYoungGen: 429152K->96K(438272K)] 532025K->102969K(1328640K), 0.0038349 secs] [Times: user=0.01 sys=0.00, real=0.01 secs] 
2016-05-23T18:02:56.292+0530: 71413.131: [GC (Allocation Failure) [PSYoungGen: 431200K->128K(437760K)] 534073K->103009K(1328128K), 0.0031161 secs] [Times: user=0.01 sys=0.00, real=0.01 secs] 
2016-05-23T18:33:17.352+0530: 73234.191: [GC (Allocation Failure) [PSYoungGen: 431232K->96K(439296K)] 534113K->102977K(1329664K), 0.0049456 secs] [Times: user=0.02 sys=0.00, real=0.01 secs] 
2016-05-23T19:03:44.336+0530: 75061.175: [GC (Allocation Failure) [PSYoungGen: 433248K->96K(438784K)] 536129K->102977K(1329152K), 0.0031475 secs] [Times: user=0.01 sys=0.01, real=0.00 secs] 
2016-05-23T19:34:34.528+0530: 76911.367: [GC (Allocation Failure) [PSYoungGen: 433248K->64K(440320K)] 536129K->102953K(1330688K), 0.0044889 secs] [Times: user=0.00 sys=0.00, real=0.00 secs] 
2016-05-23T20:05:15.605+0530: 78752.444: [GC (Allocation Failure) [PSYoungGen: 435264K->96K(439808K)] 538153K->102985K(1330176K), 0.0045461 secs] [Times: user=0.01 sys=0.00, real=0.00 secs] 
2016-05-23T20:35:56.684+0530: 80593.523: [GC (Allocation Failure) [PSYoungGen: 435296K->96K(440832K)] 538185K->102985K(1331200K), 0.0051549 secs] [Times: user=0.01 sys=0.00, real=0.01 secs] 
2016-05-23T21:06:52.780+0530: 82449.619: [GC (Allocation Failure) [PSYoungGen: 436832K->128K(440832K)] 539721K->103017K(1331200K), 0.0032637 secs] [Times: user=0.01 sys=0.00, real=0.00 secs] 
2016-05-23T21:37:44.854+0530: 84301.693: [GC (Allocation Failure) [PSYoungGen: 436864K->64K(441344K)] 539753K->102961K(1331712K), 0.0516528 secs] [Times: user=0.01 sys=0.00, real=0.06 secs] 
2016-05-23T22:08:41.859+0530: 86158.698: [GC (Allocation Failure) [PSYoungGen: 437824K->376K(441344K)] 540721K->103282K(1331712K), 0.0236852 secs] [Times: user=0.01 sys=0.00, real=0.02 secs] 
2016-05-23T22:39:34.417+0530: 88011.256: [GC (Allocation Failure) [PSYoungGen: 438136K->96K(441856K)] 541042K->103009K(1332224K), 0.0716795 secs] [Times: user=0.01 sys=0.00, real=0.07 secs] 
2016-05-23T23:10:32.309+0530: 89869.148: [GC (Allocation Failure) [PSYoungGen: 438880K->160K(441856K)] 541793K->103073K(1332224K), 0.0031390 secs] [Times: user=0.00 sys=0.00, real=0.00 secs] 
2016-05-23T23:41:23.317+0530: 91720.156: [GC (Allocation Failure) [PSYoungGen: 438944K->256K(442368K)] 541857K->103169K(1332736K), 0.0032188 secs] [Times: user=0.01 sys=0.00, real=0.00 secs] 
2016-05-24T00:12:24.336+0530: 93581.175: [GC (Allocation Failure) [PSYoungGen: 440064K->128K(442368K)] 542977K->103041K(1332736K), 0.0372487 secs] [Times: user=0.01 sys=0.00, real=0.03 secs] 
2016-05-24T00:43:30.423+0530: 95447.262: [GC (Allocation Failure) [PSYoungGen: 439936K->192K(442880K)] 542849K->103113K(1333248K), 0.0027238 secs] [Times: user=0.01 sys=0.00, real=0.01 secs] 
2016-05-24T01:14:32.086+0530: 97308.925: [GC (Allocation Failure) [PSYoungGen: 440512K->128K(442368K)] 543433K->103049K(1332736K), 0.0032863 secs] [Times: user=0.01 sys=0.00, real=0.00 secs] 
2016-05-24T01:45:52.409+0530: 99189.248: [GC (Allocation Failure) [PSYoungGen: 440448K->192K(442880K)] 543369K->103113K(1333248K), 0.0052264 secs] [Times: user=0.01 sys=0.00, real=0.01 secs] 
2016-05-24T02:17:08.401+0530: 101065.240: [GC (Allocation Failure) [PSYoungGen: 441024K->224K(442880K)] 543945K->103145K(1333248K), 0.0027363 secs] [Times: user=0.00 sys=0.00, real=0.00 secs] 
2016-05-24T02:48:28.054+0530: 102944.893: [GC (Allocation Failure) [PSYoungGen: 441056K->128K(443392K)] 543977K->103049K(1333760K), 0.0056342 secs] [Times: user=0.02 sys=0.00, real=0.01 secs] 
2016-05-24T03:19:50.357+0530: 104827.196: [GC (Allocation Failure) [PSYoungGen: 441984K->192K(443392K)] 544905K->103121K(1333760K), 0.0031064 secs] [Times: user=0.00 sys=0.00, real=0.00 secs] 
2016-05-24T03:51:06.420+0530: 106703.259: [GC (Allocation Failure) [PSYoungGen: 442048K->192K(443392K)] 544977K->103129K(1333760K), 0.0037086 secs] [Times: user=0.01 sys=0.00, real=0.00 secs] 
2016-05-24T04:22:17.390+0530: 108574.229: [GC (Allocation Failure) [PSYoungGen: 442048K->192K(443392K)] 544985K->103137K(1333760K), 0.0033127 secs] [Times: user=0.00 sys=0.00, real=0.00 secs] 
2016-05-24T04:53:17.933+0530: 110434.772: [GC (Allocation Failure) [PSYoungGen: 442048K->128K(443904K)] 544993K->103073K(1334272K), 0.0030437 secs] [Times: user=0.00 sys=0.00, real=0.01 secs] 
2016-05-24T05:24:32.336+0530: 112309.174: [GC (Allocation Failure) [PSYoungGen: 442496K->128K(443392K)] 545441K->103081K(1333760K), 0.0036841 secs] [Times: user=0.01 sys=0.00, real=0.00 secs] 
2016-05-24T05:55:45.212+0530: 114182.051: [GC (Allocation Failure) [PSYoungGen: 442496K->96K(443904K)] 545449K->103122K(1334272K), 0.0029741 secs] [Times: user=0.00 sys=0.00, real=0.01 secs] 
2016-05-24T06:26:58.233+0530: 116055.072: [GC (Allocation Failure) [PSYoungGen: 442976K->64K(443904K)] 546002K->103090K(1334272K), 0.0037091 secs] [Times: user=0.01 sys=0.00, real=0.01 secs] 
2016-05-24T06:58:21.622+0530: 117938.461: [GC (Allocation Failure) [PSYoungGen: 442944K->64K(443904K)] 545970K->103090K(1334272K), 0.0031339 secs] [Times: user=0.00 sys=0.00, real=0.01 secs] 
2016-05-24T07:29:48.026+0530: 119824.865: [GC (Allocation Failure) [PSYoungGen: 442944K->64K(443904K)] 545970K->103090K(1334272K), 0.0043523 secs] [Times: user=0.01 sys=0.00, real=0.00 secs] 
2016-05-24T08:01:09.020+0530: 121705.859: [GC (Allocation Failure) [PSYoungGen: 442944K->160K(443904K)] 545970K->103186K(1334272K), 0.0040109 secs] [Times: user=0.00 sys=0.00, real=0.00 secs] 
2016-05-24T08:32:22.523+0530: 123579.362: [GC (Allocation Failure) [PSYoungGen: 443040K->96K(443904K)] 546066K->103122K(1334272K), 0.0028891 secs] [Times: user=0.01 sys=0.00, real=0.01 secs] 
2016-05-24T09:03:36.981+0530: 125453.820: [GC (Allocation Failure) [PSYoungGen: 442976K->64K(443904K)] 546002K->103090K(1334272K), 0.0029228 secs] [Times: user=0.00 sys=0.00, real=0.00 secs] 
2016-05-24T09:34:47.072+0530: 127323.911: [GC (Allocation Failure) [PSYoungGen: 442944K->96K(443904K)] 545970K->103122K(1334272K), 0.0028956 secs] [Times: user=0.01 sys=0.00, real=0.01 secs] 
2016-05-24T10:06:01.765+0530: 129198.604: [GC (Allocation Failure) [PSYoungGen: 442976K->96K(443904K)] 546002K->103130K(1334272K), 0.0027554 secs] [Times: user=0.00 sys=0.00, real=0.00 secs] 
2016-05-24T10:37:12.672+0530: 131069.511: [GC (Allocation Failure) [PSYoungGen: 442976K->64K(443904K)] 546010K->103106K(1334272K), 0.0029449 secs] [Times: user=0.00 sys=0.00, real=0.01 secs] 
2016-05-24T11:08:25.159+0530: 132941.998: [GC (Allocation Failure) [PSYoungGen: 442944K->96K(444416K)] 545986K->103138K(1334784K), 0.0029492 secs] [Times: user=0.00 sys=0.00, real=0.00 secs] 
2016-05-24T11:39:39.447+0530: 134816.286: [GC (Allocation Failure) [PSYoungGen: 444000K->96K(444416K)] 547042K->103138K(1334784K), 0.0030482 secs] [Times: user=0.01 sys=0.00, real=0.00 secs] 
2016-05-24T12:10:52.785+0530: 136689.624: [GC (Allocation Failure) [PSYoungGen: 444000K->64K(444416K)] 547042K->103106K(1334784K), 0.0029757 secs] [Times: user=0.01 sys=0.00, real=0.00 secs] 
2016-05-24T12:42:07.248+0530: 138564.087: [GC (Allocation Failure) [PSYoungGen: 443968K->64K(444416K)] 547010K->103106K(1334784K), 0.0029545 secs] [Times: user=0.00 sys=0.00, real=0.00 secs] 
2016-05-24T13:13:34.302+0530: 140451.141: [GC (Allocation Failure) [PSYoungGen: 443968K->96K(444416K)] 547010K->103138K(1334784K), 0.0029647 secs] [Times: user=0.01 sys=0.00, real=0.01 secs] 
2016-05-24T13:45:00.337+0530: 142337.176: [GC (Allocation Failure) [PSYoungGen: 444000K->96K(444416K)] 547042K->103138K(1334784K), 0.0030842 secs] [Times: user=0.01 sys=0.00, real=0.00 secs] 
2016-05-24T14:16:21.351+0530: 144218.190: [GC (Allocation Failure) [PSYoungGen: 444000K->160K(444416K)] 547042K->103218K(1334784K), 0.0030313 secs] [Times: user=0.00 sys=0.00, real=0.00 secs] 
2016-05-24T14:47:47.396+0530: 146104.235: [GC (Allocation Failure) [PSYoungGen: 444064K->64K(444416K)] 547122K->103122K(1334784K), 0.0030672 secs] [Times: user=0.00 sys=0.00, real=0.00 secs] 
2016-05-24T15:19:17.986+0530: 147994.825: [GC (Allocation Failure) [PSYoungGen: 443968K->96K(444416K)] 547026K->103154K(1334784K), 0.0027289 secs] [Times: user=0.01 sys=0.00, real=0.00 secs] 
2016-05-24T15:50:32.681+0530: 149869.519: [GC (Allocation Failure) [PSYoungGen: 444000K->64K(444416K)] 547058K->103130K(1334784K), 0.0034599 secs] [Times: user=0.01 sys=0.00, real=0.00 secs] 
2016-05-24T16:21:41.864+0530: 151738.703: [GC (Allocation Failure) [PSYoungGen: 443968K->96K(444416K)] 547034K->103162K(1334784K), 0.0076933 secs] [Times: user=0.02 sys=0.00, real=0.01 secs] 
2016-05-24T16:52:53.107+0530: 153609.946: [GC (Allocation Failure) [PSYoungGen: 444000K->64K(444416K)] 547066K->103130K(1334784K), 0.0064152 secs] [Times: user=0.01 sys=0.00, real=0.00 secs] 
2016-05-24T17:24:21.901+0530: 155498.740: [GC (Allocation Failure) [PSYoungGen: 443968K->64K(444416K)] 547034K->103130K(1334784K), 0.0030502 secs] [Times: user=0.01 sys=0.00, real=0.00 secs] 
2016-05-24T17:55:58.675+0530: 157395.514: [GC (Allocation Failure) [PSYoungGen: 443968K->64K(444416K)] 547034K->103130K(1334784K), 0.0054831 secs] [Times: user=0.01 sys=0.00, real=0.00 secs] 
2016-05-24T18:27:18.005+0530: 159274.844: [GC (Allocation Failure) [PSYoungGen: 443968K->64K(444416K)] 547034K->103130K(1334784K), 0.0029367 secs] [Times: user=0.00 sys=0.00, real=0.00 secs] 
2016-05-24T18:58:40.808+0530: 161157.646: [GC (Allocation Failure) [PSYoungGen: 443968K->96K(444416K)] 547034K->103170K(1334784K), 0.0030863 secs] [Times: user=0.01 sys=0.01, real=0.00 secs] 
2016-05-24T19:30:11.994+0530: 163048.832: [GC (Allocation Failure) [PSYoungGen: 444000K->64K(444416K)] 547074K->103138K(1334784K), 0.0029968 secs] [Times: user=0.00 sys=0.01, real=0.01 secs] 
2016-05-24T20:01:18.016+0530: 164914.855: [GC (Allocation Failure) [PSYoungGen: 443968K->64K(444416K)] 547042K->103138K(1334784K), 0.0034188 secs] [Times: user=0.00 sys=0.00, real=0.00 secs] 
2016-05-24T20:32:43.367+0530: 166800.206: [GC (Allocation Failure) [PSYoungGen: 443968K->64K(444416K)] 547042K->103138K(1334784K), 0.0026869 secs] [Times: user=0.01 sys=0.00, real=0.00 secs] 
2016-05-24T21:04:09.979+0530: 168686.818: [GC (Allocation Failure) [PSYoungGen: 443968K->96K(444416K)] 547042K->103170K(1334784K), 0.2244398 secs] [Times: user=0.01 sys=0.00, real=0.22 secs] 
2016-05-24T21:35:41.136+0530: 170577.974: [GC (Allocation Failure) [PSYoungGen: 444000K->32K(444416K)] 547074K->103106K(1334784K), 0.0046304 secs] [Times: user=0.00 sys=0.00, real=0.00 secs] 
2016-05-24T22:07:17.061+0530: 172473.900: [GC (Allocation Failure) [PSYoungGen: 443936K->64K(444416K)] 547010K->103138K(1334784K), 0.0031165 secs] [Times: user=0.00 sys=0.00, real=0.00 secs] 
2016-05-24T22:38:42.640+0530: 174359.479: [GC (Allocation Failure) [PSYoungGen: 443968K->64K(444416K)] 547042K->103146K(1334784K), 0.0030232 secs] [Times: user=0.01 sys=0.00, real=0.00 secs] 
2016-05-24T23:10:04.004+0530: 176240.843: [GC (Allocation Failure) [PSYoungGen: 443968K->96K(444416K)] 547050K->103178K(1334784K), 0.0032636 secs] [Times: user=0.01 sys=0.00, real=0.01 secs] 
2016-05-24T23:41:24.973+0530: 178121.812: [GC (Allocation Failure) [PSYoungGen: 444000K->64K(444416K)] 547082K->103146K(1334784K), 0.0030151 secs] [Times: user=0.01 sys=0.00, real=0.01 secs] 
2016-05-25T00:12:39.256+0530: 179996.095: [GC (Allocation Failure) [PSYoungGen: 443968K->64K(444416K)] 547050K->103146K(1334784K), 0.0455968 secs] [Times: user=0.01 sys=0.00, real=0.04 secs] 
2016-05-25T00:44:09.333+0530: 181886.172: [GC (Allocation Failure) [PSYoungGen: 443968K->96K(444416K)] 547050K->103178K(1334784K), 0.0045705 secs] [Times: user=0.01 sys=0.00, real=0.01 secs] 
2016-05-25T01:15:18.042+0530: 183754.881: [GC (Allocation Failure) [PSYoungGen: 444000K->64K(444416K)] 547082K->103146K(1334784K), 0.0030693 secs] [Times: user=0.01 sys=0.00, real=0.01 secs] 
2016-05-25T01:46:53.823+0530: 185650.662: [GC (Allocation Failure) [PSYoungGen: 443968K->64K(444416K)] 547050K->103146K(1334784K), 0.0030099 secs] [Times: user=0.01 sys=0.00, real=0.01 secs] 
2016-05-25T02:18:19.766+0530: 187536.605: [GC (Allocation Failure) [PSYoungGen: 443968K->96K(444416K)] 547050K->103178K(1334784K), 0.0030545 secs] [Times: user=0.01 sys=0.00, real=0.00 secs] 
2016-05-25T02:49:50.723+0530: 189427.562: [GC (Allocation Failure) [PSYoungGen: 444000K->96K(444416K)] 547082K->103178K(1334784K), 0.0033184 secs] [Times: user=0.01 sys=0.00, real=0.01 secs] 
2016-05-25T03:21:18.055+0530: 191314.894: [GC (Allocation Failure) [PSYoungGen: 444000K->64K(444416K)] 547082K->103146K(1334784K), 0.0032159 secs] [Times: user=0.00 sys=0.00, real=0.00 secs] 
2016-05-25T03:52:32.043+0530: 193188.882: [GC (Allocation Failure) [PSYoungGen: 443968K->64K(444416K)] 547050K->103146K(1334784K), 0.0030703 secs] [Times: user=0.01 sys=0.00, real=0.01 secs] 
2016-05-25T04:23:48.741+0530: 195065.580: [GC (Allocation Failure) [PSYoungGen: 443968K->64K(444416K)] 547050K->103146K(1334784K), 0.0033192 secs] [Times: user=0.01 sys=0.00, real=0.00 secs] 
2016-05-25T04:55:24.690+0530: 196961.529: [GC (Allocation Failure) [PSYoungGen: 443968K->96K(444416K)] 547050K->103178K(1334784K), 0.0043355 secs] [Times: user=0.01 sys=0.00, real=0.00 secs] 
2016-05-25T05:27:03.870+0530: 198860.708: [GC (Allocation Failure) [PSYoungGen: 444000K->96K(444416K)] 547082K->103178K(1334784K), 0.0027093 secs] [Times: user=0.01 sys=0.00, real=0.00 secs] 
2016-05-25T05:58:41.625+0530: 200758.464: [GC (Allocation Failure) [PSYoungGen: 444000K->96K(444416K)] 547082K->103178K(1334784K), 0.0038489 secs] [Times: user=0.00 sys=0.00, real=0.00 secs] 
2016-05-25T06:29:55.765+0530: 202632.604: [GC (Allocation Failure) [PSYoungGen: 444000K->64K(444416K)] 547082K->103146K(1334784K), 0.0040184 secs] [Times: user=0.01 sys=0.00, real=0.00 secs] 
2016-05-25T07:01:10.468+0530: 204507.307: [GC (Allocation Failure) [PSYoungGen: 443968K->64K(444416K)] 547050K->103154K(1334784K), 0.0032851 secs] [Times: user=0.01 sys=0.00, real=0.00 secs] 
2016-05-25T07:32:39.663+0530: 206396.502: [GC (Allocation Failure) [PSYoungGen: 443968K->128K(444416K)] 547058K->103218K(1334784K), 0.0026448 secs] [Times: user=0.01 sys=0.00, real=0.01 secs] 
2016-05-25T08:04:09.687+0530: 208286.526: [GC (Allocation Failure) [PSYoungGen: 444032K->96K(444416K)] 547122K->103186K(1334784K), 0.0041960 secs] [Times: user=0.01 sys=0.00, real=0.00 secs] 
2016-05-25T08:35:31.380+0530: 210168.219: [GC (Allocation Failure) [PSYoungGen: 444000K->128K(444416K)] 547090K->103218K(1334784K), 0.0030459 secs] [Times: user=0.01 sys=0.00, real=0.00 secs] 
2016-05-25T09:07:02.277+0530: 212059.116: [GC (Allocation Failure) [PSYoungGen: 444032K->64K(444416K)] 547122K->103154K(1334784K), 0.0029155 secs] [Times: user=0.00 sys=0.00, real=0.00 secs] 
2016-05-25T09:38:09.766+0530: 213926.605: [GC (Allocation Failure) [PSYoungGen: 443968K->64K(444416K)] 547058K->103162K(1334784K), 0.0032352 secs] [Times: user=0.01 sys=0.00, real=0.00 secs] 
2016-05-25T10:09:42.960+0530: 215819.799: [GC (Allocation Failure) [PSYoungGen: 443968K->64K(444416K)] 547066K->103162K(1334784K), 0.0027814 secs] [Times: user=0.00 sys=0.00, real=0.00 secs] 
2016-05-25T10:41:14.150+0530: 217710.989: [GC (Allocation Failure) [PSYoungGen: 443968K->64K(444416K)] 547066K->103162K(1334784K), 0.0029785 secs] [Times: user=0.00 sys=0.00, real=0.00 secs] 
2016-05-25T11:12:42.986+0530: 219599.825: [GC (Allocation Failure) [PSYoungGen: 443968K->64K(444416K)] 547066K->103162K(1334784K), 0.0029293 secs] [Times: user=0.01 sys=0.00, real=0.00 secs] 
2016-05-25T11:44:16.739+0530: 221493.578: [GC (Allocation Failure) [PSYoungGen: 443968K->128K(444416K)] 547066K->103226K(1334784K), 0.0031755 secs] [Times: user=0.01 sys=0.00, real=0.00 secs] 
2016-05-25T12:15:18.092+0530: 223354.931: [GC (Allocation Failure) [PSYoungGen: 444032K->96K(444416K)] 547130K->103194K(1334784K), 0.0030482 secs] [Times: user=0.01 sys=0.00, real=0.01 secs] 
2016-05-25T12:46:44.278+0530: 225241.117: [GC (Allocation Failure) [PSYoungGen: 444000K->64K(444416K)] 547098K->103162K(1334784K), 0.0033977 secs] [Times: user=0.01 sys=0.00, real=0.00 secs] 
2016-05-25T13:18:09.396+0530: 227126.235: [GC (Allocation Failure) [PSYoungGen: 443968K->96K(444416K)] 547066K->103194K(1334784K), 0.0044610 secs] [Times: user=0.01 sys=0.00, real=0.00 secs] 
2016-05-25T13:49:23.479+0530: 229000.318: [GC (Allocation Failure) [PSYoungGen: 444000K->64K(444416K)] 547098K->103162K(1334784K), 0.0028583 secs] [Times: user=0.01 sys=0.00, real=0.00 secs] 
2016-05-25T14:20:50.015+0530: 230886.854: [GC (Allocation Failure) [PSYoungGen: 443968K->64K(444416K)] 547066K->103170K(1334784K), 0.0026305 secs] [Times: user=0.01 sys=0.00, real=0.00 secs] 
2016-05-25T14:52:07.090+0530: 232763.929: [GC (Allocation Failure) [PSYoungGen: 443968K->128K(444416K)] 547074K->103234K(1334784K), 0.0030133 secs] [Times: user=0.01 sys=0.00, real=0.00 secs] 
2016-05-25T15:23:24.437+0530: 234641.276: [GC (Allocation Failure) [PSYoungGen: 444032K->64K(444416K)] 547138K->103170K(1334784K), 0.0027562 secs] [Times: user=0.01 sys=0.00, real=0.00 secs] 
2016-05-25T15:55:03.890+0530: 236540.729: [GC (Allocation Failure) [PSYoungGen: 443968K->64K(444416K)] 547074K->103170K(1334784K), 0.0027951 secs] [Times: user=0.00 sys=0.00, real=0.00 secs] 
2016-05-25T16:26:39.788+0530: 238436.627: [GC (Allocation Failure) [PSYoungGen: 443968K->96K(444416K)] 547074K->103202K(1334784K), 0.0028958 secs] [Times: user=0.01 sys=0.00, real=0.00 secs] 
2016-05-25T16:58:05.688+0530: 240322.527: [GC (Allocation Failure) [PSYoungGen: 444000K->160K(444416K)] 547106K->103266K(1334784K), 0.0367449 secs] [Times: user=0.00 sys=0.00, real=0.04 secs] 
2016-05-25T17:29:33.139+0530: 242209.978: [GC (Allocation Failure) [PSYoungGen: 444064K->64K(444416K)] 547170K->103170K(1334784K), 0.0047343 secs] [Times: user=0.01 sys=0.00, real=0.00 secs] 
2016-05-25T18:01:07.513+0530: 244104.352: [GC (Allocation Failure) [PSYoungGen: 443968K->128K(444416K)] 547074K->103234K(1334784K), 0.0027774 secs] [Times: user=0.01 sys=0.00, real=0.01 secs] 
2016-05-25T18:32:38.396+0530: 245995.235: [GC (Allocation Failure) [PSYoungGen: 444032K->96K(444416K)] 547138K->103202K(1334784K), 0.0029187 secs] [Times: user=0.00 sys=0.00, real=0.00 secs] 
2016-05-25T19:03:52.324+0530: 247869.163: [GC (Allocation Failure) [PSYoungGen: 444000K->64K(444416K)] 547106K->103170K(1334784K), 0.0029875 secs] [Times: user=0.01 sys=0.00, real=0.01 secs] 
2016-05-25T19:35:13.253+0530: 249750.092: [GC (Allocation Failure) [PSYoungGen: 443968K->64K(444416K)] 547074K->103170K(1334784K), 0.0030002 secs] [Times: user=0.01 sys=0.00, real=0.01 secs] 
2016-05-25T20:06:24.720+0530: 251621.559: [GC (Allocation Failure) [PSYoungGen: 443968K->64K(444416K)] 547074K->103178K(1334784K), 0.0028320 secs] [Times: user=0.00 sys=0.00, real=0.00 secs] 
2016-05-25T20:37:38.664+0530: 253495.503: [GC (Allocation Failure) [PSYoungGen: 443968K->64K(444416K)] 547082K->103178K(1334784K), 0.0031502 secs] [Times: user=0.00 sys=0.00, real=0.01 secs] 
2016-05-25T21:09:02.861+0530: 255379.700: [GC (Allocation Failure) [PSYoungGen: 443968K->128K(444416K)] 547082K->103242K(1334784K), 0.0035090 secs] [Times: user=0.00 sys=0.00, real=0.01 secs] 
2016-05-25T21:40:43.775+0530: 257280.614: [GC (Allocation Failure) [PSYoungGen: 444032K->64K(444416K)] 547146K->103178K(1334784K), 0.0025616 secs] [Times: user=0.01 sys=0.00, real=0.00 secs] 
2016-05-25T22:12:04.676+0530: 259161.515: [GC (Allocation Failure) [PSYoungGen: 443968K->96K(444416K)] 547082K->103218K(1334784K), 0.0032541 secs] [Times: user=0.01 sys=0.00, real=0.00 secs] 
2016-05-25T22:43:18.141+0530: 261034.979: [GC (Allocation Failure) [PSYoungGen: 444000K->32K(444416K)] 547122K->103154K(1334784K), 0.0040195 secs] [Times: user=0.00 sys=0.00, real=0.01 secs] 
2016-05-25T23:14:41.503+0530: 262918.342: [GC (Allocation Failure) [PSYoungGen: 443936K->96K(444416K)] 547058K->103218K(1334784K), 0.0034164 secs] [Times: user=0.01 sys=0.00, real=0.01 secs] 
2016-05-25T23:46:07.407+0530: 264804.246: [GC (Allocation Failure) [PSYoungGen: 444000K->160K(444416K)] 547122K->103282K(1334784K), 0.0026706 secs] [Times: user=0.00 sys=0.00, real=0.00 secs] 
2016-05-26T00:17:33.290+0530: 266690.129: [GC (Allocation Failure) [PSYoungGen: 444064K->128K(444416K)] 547186K->103250K(1334784K), 0.0325521 secs] [Times: user=0.00 sys=0.00, real=0.03 secs] 
2016-05-26T00:48:45.002+0530: 268561.840: [GC (Allocation Failure) [PSYoungGen: 444032K->64K(444416K)] 547154K->103186K(1334784K), 0.0030507 secs] [Times: user=0.00 sys=0.00, real=0.01 secs] 
2016-05-26T01:20:10.098+0530: 270446.937: [GC (Allocation Failure) [PSYoungGen: 443968K->128K(444416K)] 547090K->103250K(1334784K), 0.0054035 secs] [Times: user=0.01 sys=0.00, real=0.00 secs] 
2016-05-26T01:51:18.158+0530: 272314.997: [GC (Allocation Failure) [PSYoungGen: 444032K->64K(444416K)] 547154K->103186K(1334784K), 0.0027211 secs] [Times: user=0.01 sys=0.00, real=0.00 secs] 
2016-05-26T02:22:32.295+0530: 274189.134: [GC (Allocation Failure) [PSYoungGen: 443968K->64K(444416K)] 547090K->103186K(1334784K), 0.0027098 secs] [Times: user=0.01 sys=0.00, real=0.00 secs] 
2016-05-26T02:54:07.855+0530: 276084.694: [GC (Allocation Failure) [PSYoungGen: 443968K->64K(444416K)] 547090K->103186K(1334784K), 0.0034854 secs] [Times: user=0.00 sys=0.00, real=0.00 secs] 
2016-05-26T03:25:30.680+0530: 277967.519: [GC (Allocation Failure) [PSYoungGen: 443968K->64K(444416K)] 547090K->103186K(1334784K), 0.0028731 secs] [Times: user=0.01 sys=0.00, real=0.00 secs] 
2016-05-26T03:56:55.174+0530: 279852.013: [GC (Allocation Failure) [PSYoungGen: 443968K->64K(444416K)] 547090K->103186K(1334784K), 0.0044512 secs] [Times: user=0.01 sys=0.00, real=0.01 secs] 
2016-05-26T04:28:23.499+0530: 281740.337: [GC (Allocation Failure) [PSYoungGen: 443968K->64K(444416K)] 547090K->103186K(1334784K), 0.0035506 secs] [Times: user=0.01 sys=0.00, real=0.00 secs] 
2016-05-26T04:59:35.234+0530: 283612.073: [GC (Allocation Failure) [PSYoungGen: 443968K->64K(444416K)] 547090K->103186K(1334784K), 0.0033675 secs] [Times: user=0.00 sys=0.00, real=0.01 secs] 
2016-05-26T05:31:03.523+0530: 285500.362: [GC (Allocation Failure) [PSYoungGen: 443968K->64K(444416K)] 547090K->103186K(1334784K), 0.0029849 secs] [Times: user=0.01 sys=0.00, real=0.01 secs] 
2016-05-26T06:02:38.722+0530: 287395.561: [GC (Allocation Failure) [PSYoungGen: 443968K->128K(444416K)] 547090K->103250K(1334784K), 0.0030180 secs] [Times: user=0.00 sys=0.00, real=0.01 secs] 
2016-05-26T06:33:59.649+0530: 289276.488: [GC (Allocation Failure) [PSYoungGen: 444032K->96K(444416K)] 547154K->103218K(1334784K), 0.0034892 secs] [Times: user=0.01 sys=0.00, real=0.00 secs] 
2016-05-26T07:05:14.020+0530: 291150.859: [GC (Allocation Failure) [PSYoungGen: 444000K->64K(444416K)] 547122K->103186K(1334784K), 0.0028893 secs] [Times: user=0.01 sys=0.00, real=0.00 secs] 
2016-05-26T07:36:51.477+0530: 293048.316: [GC (Allocation Failure) [PSYoungGen: 443968K->96K(444416K)] 547090K->103218K(1334784K), 0.0031666 secs] [Times: user=0.01 sys=0.00, real=0.00 secs] 
2016-05-26T08:08:22.402+0530: 294939.241: [GC (Allocation Failure) [PSYoungGen: 444000K->128K(444416K)] 547122K->103250K(1334784K), 0.0037121 secs] [Times: user=0.00 sys=0.00, real=0.01 secs] 
2016-05-26T08:39:33.592+0530: 296810.431: [GC (Allocation Failure) [PSYoungGen: 444032K->64K(444416K)] 547154K->103186K(1334784K), 0.0031740 secs] [Times: user=0.00 sys=0.00, real=0.01 secs] 
2016-05-26T09:10:48.323+0530: 298685.162: [GC (Allocation Failure) [PSYoungGen: 443968K->64K(444416K)] 547090K->103186K(1334784K), 0.0029633 secs] [Times: user=0.01 sys=0.00, real=0.01 secs] 
2016-05-26T09:42:03.210+0530: 300560.049: [GC (Allocation Failure) [PSYoungGen: 443968K->64K(444416K)] 547090K->103186K(1334784K), 0.0049566 secs] [Times: user=0.01 sys=0.00, real=0.01 secs] 
2016-05-26T10:13:15.543+0530: 302432.382: [GC (Allocation Failure) [PSYoungGen: 443968K->64K(444416K)] 547090K->103186K(1334784K), 0.0029016 secs] [Times: user=0.00 sys=0.00, real=0.01 secs] 
2016-05-26T10:44:30.017+0530: 304306.856: [GC (Allocation Failure) [PSYoungGen: 443968K->64K(444416K)] 547090K->103186K(1334784K), 0.0029143 secs] [Times: user=0.01 sys=0.00, real=0.00 secs] 
2016-05-26T11:15:43.691+0530: 306180.530: [GC (Allocation Failure) [PSYoungGen: 443968K->96K(444416K)] 547090K->103218K(1334784K), 0.0030467 secs] [Times: user=0.01 sys=0.00, real=0.00 secs] 
2016-05-26T11:47:04.379+0530: 308061.218: [GC (Allocation Failure) [PSYoungGen: 444000K->96K(444416K)] 547122K->103218K(1334784K), 0.0026493 secs] [Times: user=0.01 sys=0.00, real=0.00 secs] 
2016-05-26T12:18:35.405+0530: 309952.244: [GC (Allocation Failure) [PSYoungGen: 444000K->96K(444416K)] 547122K->103218K(1334784K), 0.0030232 secs] [Times: user=0.01 sys=0.00, real=0.00 secs] 
2016-05-26T12:49:55.725+0530: 311832.564: [GC (Allocation Failure) [PSYoungGen: 444000K->64K(444416K)] 547122K->103186K(1334784K), 0.0026898 secs] [Times: user=0.01 sys=0.00, real=0.00 secs] 
2016-05-26T13:21:18.210+0530: 313715.049: [GC (Allocation Failure) [PSYoungGen: 443968K->64K(444416K)] 547090K->103186K(1334784K), 0.0029419 secs] [Times: user=0.01 sys=0.00, real=0.00 secs] 
2016-05-26T13:52:35.801+0530: 315592.640: [GC (Allocation Failure) [PSYoungGen: 443968K->64K(444416K)] 547090K->103186K(1334784K), 0.0068164 secs] [Times: user=0.01 sys=0.00, real=0.01 secs] 
2016-05-26T14:23:39.571+0530: 317456.410: [GC (Allocation Failure) [PSYoungGen: 443968K->128K(444416K)] 547090K->103250K(1334784K), 0.0030083 secs] [Times: user=0.01 sys=0.00, real=0.00 secs] 
2016-05-26T14:54:54.095+0530: 319330.934: [GC (Allocation Failure) [PSYoungGen: 444032K->64K(444416K)] 547154K->103186K(1334784K), 0.0029483 secs] [Times: user=0.01 sys=0.00, real=0.00 secs] 
2016-05-26T15:26:16.633+0530: 321213.471: [GC (Allocation Failure) [PSYoungGen: 443968K->128K(444416K)] 547090K->103250K(1334784K), 0.0027707 secs] [Times: user=0.01 sys=0.01, real=0.01 secs] 
2016-05-26T15:57:52.703+0530: 323109.542: [GC (Allocation Failure) [PSYoungGen: 444032K->160K(444416K)] 547154K->103282K(1334784K), 0.0034777 secs] [Times: user=0.00 sys=0.00, real=0.01 secs] 
2016-05-26T16:29:03.737+0530: 324980.576: [GC (Allocation Failure) [PSYoungGen: 444064K->96K(444416K)] 547186K->103218K(1334784K), 0.0030433 secs] [Times: user=0.01 sys=0.00, real=0.00 secs] 
2016-05-26T17:00:16.024+0530: 326852.863: [GC (Allocation Failure) [PSYoungGen: 444000K->64K(444416K)] 547122K->103186K(1334784K), 0.0050880 secs] [Times: user=0.01 sys=0.00, real=0.01 secs] 
2016-05-26T17:31:35.819+0530: 328732.658: [GC (Allocation Failure) [PSYoungGen: 443968K->96K(444416K)] 547090K->103226K(1334784K), 0.0029703 secs] [Times: user=0.00 sys=0.01, real=0.00 secs] 
2016-05-26T18:03:03.861+0530: 330620.700: [GC (Allocation Failure) [PSYoungGen: 444000K->64K(444416K)] 547130K->103194K(1334784K), 0.0041076 secs] [Times: user=0.01 sys=0.00, real=0.01 secs] 
2016-05-26T18:34:26.138+0530: 332502.977: [GC (Allocation Failure) [PSYoungGen: 443968K->64K(444416K)] 547098K->103194K(1334784K), 0.0033359 secs] [Times: user=0.01 sys=0.00, real=0.00 secs] 
2016-05-26T19:05:38.954+0530: 334375.793: [GC (Allocation Failure) [PSYoungGen: 443968K->96K(444416K)] 547098K->103226K(1334784K), 0.0027011 secs] [Times: user=0.01 sys=0.01, real=0.01 secs] 
2016-05-26T19:36:56.216+0530: 336253.055: [GC (Allocation Failure) [PSYoungGen: 444000K->64K(444416K)] 547130K->103194K(1334784K), 0.0046245 secs] [Times: user=0.01 sys=0.00, real=0.00 secs] 
2016-05-26T20:08:26.257+0530: 338143.096: [GC (Allocation Failure) [PSYoungGen: 443968K->64K(444416K)] 547098K->103194K(1334784K), 0.0028886 secs] [Times: user=0.00 sys=0.00, real=0.00 secs] 
2016-05-26T20:39:42.017+0530: 340018.856: [GC (Allocation Failure) [PSYoungGen: 443968K->64K(444416K)] 547098K->103194K(1334784K), 0.0029609 secs] [Times: user=0.01 sys=0.00, real=0.00 secs] 
2016-05-26T21:11:18.091+0530: 341914.930: [GC (Allocation Failure) [PSYoungGen: 443968K->64K(444416K)] 547098K->103194K(1334784K), 0.0030136 secs] [Times: user=0.00 sys=0.00, real=0.00 secs] 
2016-05-26T21:42:32.769+0530: 343789.608: [GC (Allocation Failure) [PSYoungGen: 443968K->64K(444416K)] 547098K->103194K(1334784K), 0.0031244 secs] [Times: user=0.00 sys=0.00, real=0.00 secs] 
2016-05-26T22:13:55.187+0530: 345672.026: [GC (Allocation Failure) [PSYoungGen: 443968K->64K(444416K)] 547098K->103194K(1334784K), 0.0031422 secs] [Times: user=0.00 sys=0.00, real=0.00 secs] 
2016-05-26T22:45:31.226+0530: 347568.065: [GC (Allocation Failure) [PSYoungGen: 443968K->96K(444416K)] 547098K->103226K(1334784K), 0.0040462 secs] [Times: user=0.01 sys=0.00, real=0.00 secs] 
2016-05-26T23:17:04.128+0530: 349460.967: [GC (Allocation Failure) [PSYoungGen: 444000K->64K(444416K)] 547130K->103194K(1334784K), 0.0026674 secs] [Times: user=0.01 sys=0.01, real=0.00 secs] 
2016-05-26T23:48:43.349+0530: 351360.187: [GC (Allocation Failure) [PSYoungGen: 443968K->96K(444416K)] 547098K->103226K(1334784K), 0.0049154 secs] [Times: user=0.01 sys=0.00, real=0.00 secs] 
2016-05-27T00:20:04.157+0530: 353240.996: [GC (Allocation Failure) [PSYoungGen: 444000K->128K(444416K)] 547130K->103258K(1334784K), 0.0034642 secs] [Times: user=0.00 sys=0.00, real=0.00 secs] 
2016-05-27T00:51:35.421+0530: 355132.260: [GC (Allocation Failure) [PSYoungGen: 444032K->64K(444416K)] 547162K->103194K(1334784K), 0.0030578 secs] [Times: user=0.01 sys=0.00, real=0.00 secs] 
2016-05-27T01:22:50.033+0530: 357006.872: [GC (Allocation Failure) [PSYoungGen: 443968K->64K(444416K)] 547098K->103194K(1334784K), 0.0030010 secs] [Times: user=0.00 sys=0.00, real=0.01 secs] 
2016-05-27T01:54:27.395+0530: 358904.234: [GC (Allocation Failure) [PSYoungGen: 443968K->96K(444416K)] 547098K->103226K(1334784K), 0.0040112 secs] [Times: user=0.01 sys=0.00, real=0.00 secs] 
2016-05-27T02:25:41.776+0530: 360778.615: [GC (Allocation Failure) [PSYoungGen: 444000K->64K(444416K)] 547130K->103194K(1334784K), 0.0038931 secs] [Times: user=0.00 sys=0.00, real=0.00 secs] 
2016-05-27T02:56:56.575+0530: 362653.414: [GC (Allocation Failure) [PSYoungGen: 443968K->64K(444416K)] 547098K->103194K(1334784K), 0.0028701 secs] [Times: user=0.00 sys=0.00, real=0.01 secs] 
2016-05-27T03:28:30.313+0530: 364547.152: [GC (Allocation Failure) [PSYoungGen: 443968K->96K(444416K)] 547098K->103226K(1334784K), 0.0041007 secs] [Times: user=0.01 sys=0.00, real=0.01 secs] 
2016-05-27T03:59:52.058+0530: 366428.897: [GC (Allocation Failure) [PSYoungGen: 444000K->64K(444416K)] 547130K->103194K(1334784K), 0.0028960 secs] [Times: user=0.00 sys=0.00, real=0.00 secs] 
2016-05-27T04:31:32.321+0530: 368329.160: [GC (Allocation Failure) [PSYoungGen: 443968K->96K(444416K)] 547098K->103226K(1334784K), 0.0032410 secs] [Times: user=0.00 sys=0.00, real=0.00 secs] 
2016-05-27T05:03:03.258+0530: 370220.097: [GC (Allocation Failure) [PSYoungGen: 444000K->96K(444416K)] 547130K->103226K(1334784K), 0.0028254 secs] [Times: user=0.01 sys=0.00, real=0.00 secs] 
2016-05-27T05:34:26.853+0530: 372103.692: [GC (Allocation Failure) [PSYoungGen: 444000K->64K(444416K)] 547130K->103194K(1334784K), 0.0027375 secs] [Times: user=0.01 sys=0.00, real=0.01 secs] 
2016-05-27T06:05:41.192+0530: 373978.031: [GC (Allocation Failure) [PSYoungGen: 443968K->64K(444416K)] 547098K->103194K(1334784K), 0.0024171 secs] [Times: user=0.00 sys=0.00, real=0.00 secs] 
2016-05-27T06:37:04.298+0530: 375861.137: [GC (Allocation Failure) [PSYoungGen: 443968K->64K(444416K)] 547098K->103194K(1334784K), 0.0030299 secs] [Times: user=0.01 sys=0.00, real=0.00 secs] 
2016-05-27T07:08:37.039+0530: 377753.878: [GC (Allocation Failure) [PSYoungGen: 443968K->96K(444416K)] 547098K->103234K(1334784K), 0.0081151 secs] [Times: user=0.01 sys=0.00, real=0.01 secs] 
2016-05-27T07:40:06.974+0530: 379643.813: [GC (Allocation Failure) [PSYoungGen: 444000K->64K(444416K)] 547138K->103202K(1334784K), 0.0040275 secs] [Times: user=0.01 sys=0.00, real=0.01 secs] 
2016-05-27T08:11:21.487+0530: 381518.326: [GC (Allocation Failure) [PSYoungGen: 443968K->64K(444416K)] 547106K->103202K(1334784K), 0.0027872 secs] [Times: user=0.01 sys=0.00, real=0.00 secs] 
2016-05-27T08:42:44.348+0530: 383401.187: [GC (Allocation Failure) [PSYoungGen: 443968K->96K(444416K)] 547106K->103234K(1334784K), 0.0028578 secs] [Times: user=0.01 sys=0.00, real=0.00 secs] 
2016-05-27T09:13:57.079+0530: 385273.918: [GC (Allocation Failure) [PSYoungGen: 444000K->64K(444416K)] 547138K->103202K(1334784K), 0.0027334 secs] [Times: user=0.01 sys=0.00, real=0.00 secs] 
2016-05-27T09:45:11.121+0530: 387147.960: [GC (Allocation Failure) [PSYoungGen: 443968K->64K(444416K)] 547106K->103202K(1334784K), 0.0029073 secs] [Times: user=0.01 sys=0.00, real=0.00 secs] 
2016-05-27T10:16:33.105+0530: 389029.944: [GC (Allocation Failure) [PSYoungGen: 443968K->96K(444416K)] 547106K->103234K(1334784K), 0.0041526 secs] [Times: user=0.01 sys=0.00, real=0.00 secs] 
2016-05-27T10:48:04.173+0530: 390921.012: [GC (Allocation Failure) [PSYoungGen: 444000K->128K(444416K)] 547138K->103266K(1334784K), 0.0108758 secs] [Times: user=0.02 sys=0.00, real=0.01 secs] 
2016-05-27T11:19:18.317+0530: 392795.156: [GC (Allocation Failure) [PSYoungGen: 444032K->96K(444416K)] 547170K->103234K(1334784K), 0.0032442 secs] [Times: user=0.01 sys=0.00, real=0.00 secs] 
2016-05-27T11:50:32.717+0530: 394669.556: [GC (Allocation Failure) [PSYoungGen: 444000K->64K(444416K)] 547138K->103202K(1334784K), 0.0029806 secs] [Times: user=0.01 sys=0.00, real=0.00 secs] 
2016-05-27T12:22:02.300+0530: 396559.139: [GC (Allocation Failure) [PSYoungGen: 443968K->96K(444416K)] 547106K->103234K(1334784K), 0.0025950 secs] [Times: user=0.01 sys=0.00, real=0.00 secs] 
2016-05-27T12:53:33.369+0530: 398450.208: [GC (Allocation Failure) [PSYoungGen: 444000K->64K(444416K)] 547138K->103202K(1334784K), 0.0037716 secs] [Times: user=0.01 sys=0.00, real=0.00 secs] 
2016-05-27T13:25:07.371+0530: 400344.210: [GC (Allocation Failure) [PSYoungGen: 443968K->64K(444416K)] 547106K->103202K(1334784K), 0.0042998 secs] [Times: user=0.00 sys=0.00, real=0.01 secs] 
2016-05-27T13:56:21.249+0530: 402218.088: [GC (Allocation Failure) [PSYoungGen: 443968K->64K(444416K)] 547106K->103202K(1334784K), 0.0049412 secs] [Times: user=0.01 sys=0.00, real=0.00 secs] 
2016-05-27T14:27:56.515+0530: 404113.354: [GC (Allocation Failure) [PSYoungGen: 443968K->96K(444416K)] 547106K->103234K(1334784K), 0.0031519 secs] [Times: user=0.01 sys=0.00, real=0.00 secs] 
2016-05-27T14:59:18.339+0530: 405995.178: [GC (Allocation Failure) [PSYoungGen: 444000K->96K(444416K)] 547138K->103234K(1334784K), 0.0028920 secs] [Times: user=0.00 sys=0.00, real=0.00 secs] 
2016-05-27T15:30:53.561+0530: 407890.400: [GC (Allocation Failure) [PSYoungGen: 444000K->160K(444416K)] 547138K->103298K(1334784K), 0.0027922 secs] [Times: user=0.01 sys=0.00, real=0.00 secs] 
2016-05-27T16:02:07.560+0530: 409764.399: [GC (Allocation Failure) [PSYoungGen: 444064K->96K(444416K)] 547202K->103234K(1334784K), 0.0039237 secs] [Times: user=0.01 sys=0.00, real=0.00 secs] 
2016-05-27T16:33:45.644+0530: 411662.483: [GC (Allocation Failure) [PSYoungGen: 444000K->96K(444416K)] 547138K->103234K(1334784K), 0.0032157 secs] [Times: user=0.01 sys=0.00, real=0.01 secs] 
2016-05-27T17:05:14.557+0530: 413551.396: [GC (Allocation Failure) [PSYoungGen: 444000K->64K(444416K)] 547138K->103202K(1334784K), 0.0030089 secs] [Times: user=0.01 sys=0.00, real=0.00 secs] 
2016-05-27T17:36:28.547+0530: 415425.386: [GC (Allocation Failure) [PSYoungGen: 443968K->64K(444416K)] 547106K->103202K(1334784K), 0.0038338 secs] [Times: user=0.01 sys=0.00, real=0.00 secs] 
2016-05-27T18:08:03.796+0530: 417320.635: [GC (Allocation Failure) [PSYoungGen: 443968K->96K(444416K)] 547106K->103234K(1334784K), 0.0027865 secs] [Times: user=0.01 sys=0.00, real=0.00 secs] 
2016-05-27T18:39:09.819+0530: 419186.658: [GC (Allocation Failure) [PSYoungGen: 444000K->96K(444416K)] 547138K->103234K(1334784K), 0.0044543 secs] [Times: user=0.01 sys=0.00, real=0.00 secs] 
2016-05-27T19:10:24.232+0530: 421061.071: [GC (Allocation Failure) [PSYoungGen: 444000K->96K(444416K)] 547138K->103234K(1334784K), 0.0045383 secs] [Times: user=0.01 sys=0.00, real=0.01 secs] 
2016-05-27T19:41:37.819+0530: 422934.658: [GC (Allocation Failure) [PSYoungGen: 444000K->64K(444416K)] 547138K->103202K(1334784K), 0.0031914 secs] [Times: user=0.01 sys=0.00, real=0.00 secs] 
2016-05-27T20:12:57.944+0530: 424814.783: [GC (Allocation Failure) [PSYoungGen: 443968K->96K(444416K)] 547106K->103234K(1334784K), 0.0027494 secs] [Times: user=0.01 sys=0.00, real=0.01 secs] 
2016-05-27T20:44:04.650+0530: 426681.489: [GC (Allocation Failure) [PSYoungGen: 444000K->96K(444416K)] 547138K->103234K(1334784K), 0.0077650 secs] [Times: user=0.01 sys=0.00, real=0.01 secs] 
2016-05-27T21:15:30.014+0530: 428566.853: [GC (Allocation Failure) [PSYoungGen: 444000K->128K(444416K)] 547138K->103266K(1334784K), 0.0039842 secs] [Times: user=0.01 sys=0.00, real=0.01 secs] 
2016-05-27T21:46:44.681+0530: 430441.520: [GC (Allocation Failure) [PSYoungGen: 444032K->64K(444416K)] 547170K->103202K(1334784K), 0.0043154 secs] [Times: user=0.01 sys=0.00, real=0.01 secs] 
2016-05-27T22:18:07.123+0530: 432323.961: [GC (Allocation Failure) [PSYoungGen: 443968K->96K(444416K)] 547106K->103234K(1334784K), 0.0053182 secs] [Times: user=0.01 sys=0.00, real=0.01 secs] 
2016-05-27T22:49:43.192+0530: 434220.031: [GC (Allocation Failure) [PSYoungGen: 444000K->128K(444416K)] 547138K->103266K(1334784K), 0.0035483 secs] [Times: user=0.01 sys=0.00, real=0.01 secs] 
2016-05-27T23:21:08.072+0530: 436104.911: [GC (Allocation Failure) [PSYoungGen: 444032K->64K(444416K)] 547170K->103202K(1334784K), 0.0040250 secs] [Times: user=0.00 sys=0.00, real=0.01 secs] 
2016-05-27T23:52:34.734+0530: 437991.573: [GC (Allocation Failure) [PSYoungGen: 443968K->64K(444416K)] 547106K->103202K(1334784K), 0.0034362 secs] [Times: user=0.01 sys=0.00, real=0.01 secs] 
2016-05-28T00:23:48.148+0530: 439864.987: [GC (Allocation Failure) [PSYoungGen: 443968K->64K(444416K)] 547106K->103202K(1334784K), 0.0028375 secs] [Times: user=0.01 sys=0.00, real=0.00 secs] 
2016-05-28T00:55:17.254+0530: 441754.093: [GC (Allocation Failure) [PSYoungGen: 443968K->128K(444416K)] 547106K->103266K(1334784K), 0.0052860 secs] [Times: user=0.02 sys=0.00, real=0.01 secs] 
2016-05-28T01:26:43.319+0530: 443640.158: [GC (Allocation Failure) [PSYoungGen: 444032K->128K(444416K)] 547170K->103266K(1334784K), 0.0029379 secs] [Times: user=0.01 sys=0.00, real=0.00 secs] 
2016-05-28T01:58:08.288+0530: 445525.127: [GC (Allocation Failure) [PSYoungGen: 444032K->64K(444416K)] 547170K->103202K(1334784K), 0.0030968 secs] [Times: user=0.01 sys=0.00, real=0.00 secs] 
2016-05-28T02:29:38.329+0530: 447415.168: [GC (Allocation Failure) [PSYoungGen: 443968K->96K(444416K)] 547106K->103234K(1334784K), 0.0031664 secs] [Times: user=0.00 sys=0.00, real=0.00 secs] 
2016-05-28T03:01:11.245+0530: 449308.084: [GC (Allocation Failure) [PSYoungGen: 444000K->96K(444416K)] 547138K->103234K(1334784K), 0.0028098 secs] [Times: user=0.01 sys=0.00, real=0.00 secs] 
2016-05-28T03:32:37.176+0530: 451194.015: [GC (Allocation Failure) [PSYoungGen: 444000K->96K(444416K)] 547138K->103234K(1334784K), 0.0045151 secs] [Times: user=0.01 sys=0.00, real=0.00 secs] 
2016-05-28T04:04:03.256+0530: 453080.095: [GC (Allocation Failure) [PSYoungGen: 444000K->128K(444416K)] 547138K->103266K(1334784K), 0.0032769 secs] [Times: user=0.01 sys=0.00, real=0.00 secs] 
2016-05-28T04:35:29.196+0530: 454966.035: [GC (Allocation Failure) [PSYoungGen: 444032K->96K(444416K)] 547170K->103234K(1334784K), 0.0033175 secs] [Times: user=0.01 sys=0.00, real=0.00 secs] 
2016-05-28T05:06:54.856+0530: 456851.695: [GC (Allocation Failure) [PSYoungGen: 444000K->64K(444416K)] 547138K->103202K(1334784K), 0.0049983 secs] [Times: user=0.01 sys=0.00, real=0.00 secs] 
2016-05-28T05:38:13.518+0530: 458730.357: [GC (Allocation Failure) [PSYoungGen: 443968K->64K(444416K)] 547106K->103202K(1334784K), 0.0041973 secs] [Times: user=0.01 sys=0.00, real=0.00 secs] 
2016-05-28T06:09:34.883+0530: 460611.722: [GC (Allocation Failure) [PSYoungGen: 443968K->96K(444416K)] 547106K->103234K(1334784K), 0.0042244 secs] [Times: user=0.01 sys=0.00, real=0.01 secs] 
2016-05-28T06:40:48.864+0530: 462485.703: [GC (Allocation Failure) [PSYoungGen: 444000K->64K(444416K)] 547138K->103202K(1334784K), 0.0042098 secs] [Times: user=0.01 sys=0.00, real=0.01 secs] 
2016-05-28T07:12:18.840+0530: 464375.678: [GC (Allocation Failure) [PSYoungGen: 443968K->128K(444416K)] 547106K->103266K(1334784K), 0.0029219 secs] [Times: user=0.01 sys=0.00, real=0.00 secs] 
2016-05-28T07:43:34.788+0530: 466251.627: [GC (Allocation Failure) [PSYoungGen: 444032K->128K(444416K)] 547170K->103266K(1334784K), 0.0027568 secs] [Times: user=0.01 sys=0.00, real=0.00 secs] 
2016-05-28T08:15:14.934+0530: 468151.773: [GC (Allocation Failure) [PSYoungGen: 444032K->128K(444416K)] 547170K->103266K(1334784K), 0.0025176 secs] [Times: user=0.00 sys=0.00, real=0.01 secs] 
2016-05-28T08:46:29.255+0530: 470026.094: [GC (Allocation Failure) [PSYoungGen: 444032K->64K(444416K)] 547170K->103202K(1334784K), 0.0293914 secs] [Times: user=0.01 sys=0.00, real=0.03 secs] 
2016-05-28T09:17:58.731+0530: 471915.570: [GC (Allocation Failure) [PSYoungGen: 443968K->64K(444416K)] 547106K->103202K(1334784K), 0.0030982 secs] [Times: user=0.00 sys=0.00, real=0.00 secs] 
2016-05-28T09:49:23.573+0530: 473800.412: [GC (Allocation Failure) [PSYoungGen: 443968K->128K(444416K)] 547106K->103266K(1334784K), 0.0031015 secs] [Times: user=0.01 sys=0.00, real=0.01 secs] 
2016-05-28T10:20:55.033+0530: 475691.872: [GC (Allocation Failure) [PSYoungGen: 444032K->64K(444416K)] 547170K->103202K(1334784K), 0.0030036 secs] [Times: user=0.01 sys=0.00, real=0.01 secs] 
2016-05-28T10:52:25.454+0530: 477582.293: [GC (Allocation Failure) [PSYoungGen: 443968K->96K(444416K)] 547106K->103234K(1334784K), 0.0037962 secs] [Times: user=0.00 sys=0.00, real=0.01 secs] 
2016-05-28T11:23:39.321+0530: 479456.160: [GC (Allocation Failure) [PSYoungGen: 444000K->64K(444416K)] 547138K->103202K(1334784K), 0.0027514 secs] [Times: user=0.01 sys=0.00, real=0.00 secs] 
2016-05-28T11:55:02.302+0530: 481339.141: [GC (Allocation Failure) [PSYoungGen: 443968K->96K(444416K)] 547106K->103234K(1334784K), 0.0356056 secs] [Times: user=0.01 sys=0.00, real=0.04 secs] 
2016-05-28T12:26:28.931+0530: 483225.770: [GC (Allocation Failure) [PSYoungGen: 444000K->64K(444416K)] 547138K->103202K(1334784K), 0.0029711 secs] [Times: user=0.01 sys=0.00, real=0.00 secs] 
2016-05-28T12:57:42.742+0530: 485099.581: [GC (Allocation Failure) [PSYoungGen: 443968K->64K(444416K)] 547106K->103202K(1334784K), 0.0027366 secs] [Times: user=0.01 sys=0.00, real=0.01 secs] 
2016-05-28T13:28:57.559+0530: 486974.398: [GC (Allocation Failure) [PSYoungGen: 443968K->64K(444416K)] 547106K->103202K(1334784K), 0.0031353 secs] [Times: user=0.01 sys=0.00, real=0.00 secs] 
2016-05-28T14:00:36.091+0530: 488872.930: [GC (Allocation Failure) [PSYoungGen: 443968K->96K(444416K)] 547106K->103234K(1334784K), 0.0616763 secs] [Times: user=0.05 sys=0.00, real=0.06 secs] 
2016-05-28T14:31:59.059+0530: 490755.898: [GC (Allocation Failure) [PSYoungGen: 444000K->96K(444416K)] 547138K->103234K(1334784K), 0.0038353 secs] [Times: user=0.01 sys=0.00, real=0.00 secs] 
2016-05-28T15:03:18.454+0530: 492635.293: [GC (Allocation Failure) [PSYoungGen: 444000K->64K(444416K)] 547138K->103202K(1334784K), 0.0060039 secs] [Times: user=0.01 sys=0.00, real=0.01 secs] 
2016-05-28T15:34:39.068+0530: 494515.907: [GC (Allocation Failure) [PSYoungGen: 443968K->96K(444416K)] 547106K->103234K(1334784K), 0.0029087 secs] [Times: user=0.00 sys=0.00, real=0.00 secs] 
